                                      1 ;--------------------------------------------------------
                                      2 ; File Created by SDCC : free open source ANSI-C Compiler
                                      3 ; Version 4.1.6 #12539 (Linux)
                                      4 ;--------------------------------------------------------
                                      5 	.module aero_cursors
                                      6 	.optsdcc -mgbz80
                                      7 	
                                      8 ;--------------------------------------------------------
                                      9 ; Public variables in this module
                                     10 ;--------------------------------------------------------
                                     11 	.globl _aero_cursors
                                     12 ;--------------------------------------------------------
                                     13 ; special function registers
                                     14 ;--------------------------------------------------------
                                     15 ;--------------------------------------------------------
                                     16 ; ram data
                                     17 ;--------------------------------------------------------
                                     18 	.area _DATA
                                     19 ;--------------------------------------------------------
                                     20 ; ram data
                                     21 ;--------------------------------------------------------
                                     22 	.area _INITIALIZED
                                     23 ;--------------------------------------------------------
                                     24 ; absolute external ram data
                                     25 ;--------------------------------------------------------
                                     26 	.area _DABS (ABS)
                                     27 ;--------------------------------------------------------
                                     28 ; global & static initialisations
                                     29 ;--------------------------------------------------------
                                     30 	.area _HOME
                                     31 	.area _GSINIT
                                     32 	.area _GSFINAL
                                     33 	.area _GSINIT
                                     34 ;--------------------------------------------------------
                                     35 ; Home
                                     36 ;--------------------------------------------------------
                                     37 	.area _HOME
                                     38 	.area _HOME
                                     39 ;--------------------------------------------------------
                                     40 ; code
                                     41 ;--------------------------------------------------------
                                     42 	.area _CODE_2
                                     43 	.area _CODE_2
      000000                         44 _aero_cursors:
      000000 00                      45 	.db #0x00	; 0
      000001 00                      46 	.db #0x00	; 0
      000002 00                      47 	.db #0x00	; 0
      000003 00                      48 	.db #0x00	; 0
      000004 08                      49 	.db #0x08	; 8
      000005 00                      50 	.db #0x00	; 0
      000006 0C                      51 	.db #0x0c	; 12
      000007 00                      52 	.db #0x00	; 0
      000008 0E                      53 	.db #0x0e	; 14
      000009 00                      54 	.db #0x00	; 0
      00000A 0C                      55 	.db #0x0c	; 12
      00000B 00                      56 	.db #0x00	; 0
      00000C 08                      57 	.db #0x08	; 8
      00000D 00                      58 	.db #0x00	; 0
      00000E 00                      59 	.db #0x00	; 0
      00000F 00                      60 	.db #0x00	; 0
      000010 00                      61 	.db #0x00	; 0
      000011 00                      62 	.db #0x00	; 0
      000012 00                      63 	.db #0x00	; 0
      000013 00                      64 	.db #0x00	; 0
      000014 08                      65 	.db #0x08	; 8
      000015 08                      66 	.db #0x08	; 8
      000016 0C                      67 	.db #0x0c	; 12
      000017 0C                      68 	.db #0x0c	; 12
      000018 0E                      69 	.db #0x0e	; 14
      000019 0E                      70 	.db #0x0e	; 14
      00001A 0C                      71 	.db #0x0c	; 12
      00001B 0C                      72 	.db #0x0c	; 12
      00001C 08                      73 	.db #0x08	; 8
      00001D 08                      74 	.db #0x08	; 8
      00001E 00                      75 	.db #0x00	; 0
      00001F 00                      76 	.db #0x00	; 0
                                     77 	.area _INITIALIZER
                                     78 	.area _CABS (ABS)
