                                      1 ;--------------------------------------------------------
                                      2 ; File Created by SDCC : free open source ANSI-C Compiler
                                      3 ; Version 4.1.6 #12539 (Linux)
                                      4 ;--------------------------------------------------------
                                      5 	.module big_spike_parallax
                                      6 	.optsdcc -mgbz80
                                      7 	
                                      8 ;--------------------------------------------------------
                                      9 ; Public variables in this module
                                     10 ;--------------------------------------------------------
                                     11 	.globl _big_spike_parallax
                                     12 	.globl ___bank_big_spike_parallax
                                     13 ;--------------------------------------------------------
                                     14 ; special function registers
                                     15 ;--------------------------------------------------------
                                     16 ;--------------------------------------------------------
                                     17 ; ram data
                                     18 ;--------------------------------------------------------
                                     19 	.area _DATA
                                     20 ;--------------------------------------------------------
                                     21 ; ram data
                                     22 ;--------------------------------------------------------
                                     23 	.area _INITIALIZED
                                     24 ;--------------------------------------------------------
                                     25 ; absolute external ram data
                                     26 ;--------------------------------------------------------
                                     27 	.area _DABS (ABS)
                                     28 ;--------------------------------------------------------
                                     29 ; global & static initialisations
                                     30 ;--------------------------------------------------------
                                     31 	.area _HOME
                                     32 	.area _GSINIT
                                     33 	.area _GSFINAL
                                     34 	.area _GSINIT
                                     35 ;--------------------------------------------------------
                                     36 ; Home
                                     37 ;--------------------------------------------------------
                                     38 	.area _HOME
                                     39 	.area _HOME
                                     40 ;--------------------------------------------------------
                                     41 ; code
                                     42 ;--------------------------------------------------------
                                     43 	.area _CODE_2
                                     44 	.area _CODE_2
                           000002    45 ___bank_big_spike_parallax	=	0x0002
      000000                         46 _big_spike_parallax:
      000000 99                      47 	.db #0x99	; 153
      000001 18                      48 	.db #0x18	; 24
      000002 99                      49 	.db #0x99	; 153
      000003 18                      50 	.db #0x18	; 24
      000004 BD                      51 	.db #0xbd	; 189
      000005 3C                      52 	.db #0x3c	; 60
      000006 BD                      53 	.db #0xbd	; 189
      000007 3C                      54 	.db #0x3c	; 60
      000008 FF                      55 	.db #0xff	; 255
      000009 7E                      56 	.db #0x7e	; 126
      00000A FF                      57 	.db #0xff	; 255
      00000B 7E                      58 	.db #0x7e	; 126
      00000C FF                      59 	.db #0xff	; 255
      00000D FF                      60 	.db #0xff	; 255
      00000E FF                      61 	.db #0xff	; 255
      00000F FF                      62 	.db #0xff	; 255
      000010 D8                      63 	.db #0xd8	; 216
      000011 18                      64 	.db #0x18	; 24
      000012 D8                      65 	.db #0xd8	; 216
      000013 18                      66 	.db #0x18	; 24
      000014 FC                      67 	.db #0xfc	; 252
      000015 3C                      68 	.db #0x3c	; 60
      000016 FC                      69 	.db #0xfc	; 252
      000017 3C                      70 	.db #0x3c	; 60
      000018 FE                      71 	.db #0xfe	; 254
      000019 7E                      72 	.db #0x7e	; 126
      00001A FE                      73 	.db #0xfe	; 254
      00001B 7E                      74 	.db #0x7e	; 126
      00001C FF                      75 	.db #0xff	; 255
      00001D FF                      76 	.db #0xff	; 255
      00001E FF                      77 	.db #0xff	; 255
      00001F FF                      78 	.db #0xff	; 255
      000020 78                      79 	.db #0x78	; 120	'x'
      000021 18                      80 	.db #0x18	; 24
      000022 78                      81 	.db #0x78	; 120	'x'
      000023 18                      82 	.db #0x18	; 24
      000024 7C                      83 	.db #0x7c	; 124
      000025 3C                      84 	.db #0x3c	; 60
      000026 7C                      85 	.db #0x7c	; 124
      000027 3C                      86 	.db #0x3c	; 60
      000028 7E                      87 	.db #0x7e	; 126
      000029 7E                      88 	.db #0x7e	; 126
      00002A 7E                      89 	.db #0x7e	; 126
      00002B 7E                      90 	.db #0x7e	; 126
      00002C FF                      91 	.db #0xff	; 255
      00002D FF                      92 	.db #0xff	; 255
      00002E FF                      93 	.db #0xff	; 255
      00002F FF                      94 	.db #0xff	; 255
      000030 38                      95 	.db #0x38	; 56	'8'
      000031 18                      96 	.db #0x18	; 24
      000032 38                      97 	.db #0x38	; 56	'8'
      000033 18                      98 	.db #0x18	; 24
      000034 3C                      99 	.db #0x3c	; 60
      000035 3C                     100 	.db #0x3c	; 60
      000036 3C                     101 	.db #0x3c	; 60
      000037 3C                     102 	.db #0x3c	; 60
      000038 7E                     103 	.db #0x7e	; 126
      000039 7E                     104 	.db #0x7e	; 126
      00003A 7E                     105 	.db #0x7e	; 126
      00003B 7E                     106 	.db #0x7e	; 126
      00003C FF                     107 	.db #0xff	; 255
      00003D FF                     108 	.db #0xff	; 255
      00003E FF                     109 	.db #0xff	; 255
      00003F FF                     110 	.db #0xff	; 255
      000040 18                     111 	.db #0x18	; 24
      000041 18                     112 	.db #0x18	; 24
      000042 18                     113 	.db #0x18	; 24
      000043 18                     114 	.db #0x18	; 24
      000044 3C                     115 	.db #0x3c	; 60
      000045 3C                     116 	.db #0x3c	; 60
      000046 3C                     117 	.db #0x3c	; 60
      000047 3C                     118 	.db #0x3c	; 60
      000048 7E                     119 	.db #0x7e	; 126
      000049 7E                     120 	.db #0x7e	; 126
      00004A 7E                     121 	.db #0x7e	; 126
      00004B 7E                     122 	.db #0x7e	; 126
      00004C FF                     123 	.db #0xff	; 255
      00004D FF                     124 	.db #0xff	; 255
      00004E FF                     125 	.db #0xff	; 255
      00004F FF                     126 	.db #0xff	; 255
      000050 1C                     127 	.db #0x1c	; 28
      000051 18                     128 	.db #0x18	; 24
      000052 1C                     129 	.db #0x1c	; 28
      000053 18                     130 	.db #0x18	; 24
      000054 3C                     131 	.db #0x3c	; 60
      000055 3C                     132 	.db #0x3c	; 60
      000056 3C                     133 	.db #0x3c	; 60
      000057 3C                     134 	.db #0x3c	; 60
      000058 7E                     135 	.db #0x7e	; 126
      000059 7E                     136 	.db #0x7e	; 126
      00005A 7E                     137 	.db #0x7e	; 126
      00005B 7E                     138 	.db #0x7e	; 126
      00005C FF                     139 	.db #0xff	; 255
      00005D FF                     140 	.db #0xff	; 255
      00005E FF                     141 	.db #0xff	; 255
      00005F FF                     142 	.db #0xff	; 255
      000060 1E                     143 	.db #0x1e	; 30
      000061 18                     144 	.db #0x18	; 24
      000062 1E                     145 	.db #0x1e	; 30
      000063 18                     146 	.db #0x18	; 24
      000064 3E                     147 	.db #0x3e	; 62
      000065 3C                     148 	.db #0x3c	; 60
      000066 3E                     149 	.db #0x3e	; 62
      000067 3C                     150 	.db #0x3c	; 60
      000068 7E                     151 	.db #0x7e	; 126
      000069 7E                     152 	.db #0x7e	; 126
      00006A 7E                     153 	.db #0x7e	; 126
      00006B 7E                     154 	.db #0x7e	; 126
      00006C FF                     155 	.db #0xff	; 255
      00006D FF                     156 	.db #0xff	; 255
      00006E FF                     157 	.db #0xff	; 255
      00006F FF                     158 	.db #0xff	; 255
      000070 1B                     159 	.db #0x1b	; 27
      000071 18                     160 	.db #0x18	; 24
      000072 1B                     161 	.db #0x1b	; 27
      000073 18                     162 	.db #0x18	; 24
      000074 3F                     163 	.db #0x3f	; 63
      000075 3C                     164 	.db #0x3c	; 60
      000076 3F                     165 	.db #0x3f	; 63
      000077 3C                     166 	.db #0x3c	; 60
      000078 7F                     167 	.db #0x7f	; 127
      000079 7E                     168 	.db #0x7e	; 126
      00007A 7F                     169 	.db #0x7f	; 127
      00007B 7E                     170 	.db #0x7e	; 126
      00007C FF                     171 	.db #0xff	; 255
      00007D FF                     172 	.db #0xff	; 255
      00007E FF                     173 	.db #0xff	; 255
      00007F FF                     174 	.db #0xff	; 255
                                    175 	.area _INITIALIZER
                                    176 	.area _CABS (ABS)
