ASxxxx Linker V03.00 + NoICE + sdld,  page 1.
Hexadecimal  [32-Bits]

Area                       Addr        Size        Decimal Bytes (Attributes)
--------------------       ----        ----        ------- ----- ------------
.  .ABS.               00000000    00000000 =           0. bytes (ABS,CON)

        Value  Global            Value  Global            Value  Global    
        -----  ------            -----  ------            -----  ------    
     00000000  .__.ABS.  |    00000000  _rRAMG    |    00000000  l__BASE  
     00000000  l__BSS    |    00000000  l__CABS   |    00000000  l__CODE_0
     00000000  l__DABS   |    00000000  l__HEADER |    00000000  l__HEADER
     00000000  l__HEAP   |    00000000  l__HRAM   |    00000000  l__LIT   
     00000000  s__CABS   |    00000000  s__DABS   |    00000000  s__HEADER
     00000000  s__HEADER |    00000000  s__HEADER |    00000000  s__HEADER
     00000000  s__HEADER |    00000000  s__HEADER |    00000000  s__HEADER
     00000000  s__HEADER |    00000000  s__HEADER |    00000000  s__HEADER
     00000000  s__HEADER |    00000000  s__HEADER |    00000000  s__HEADER
     00000000  s__HEADER |    00000000  s__HEADER |    00000000  s__HEADER
     00000000  s__HEADER |    00000000  s__HEADER |    00000000  s__HEADER
     00000000  s__HEADER |    00000000  s__HEADER |    00000000  s__HRAM  
     00000000  s__HRAM12 |    00000001  l__GSFINA |    00000001  l__HEADER
     00000001  l__HEADER |    00000001  l__HEADER |    00000001  l__HEADER
     00000001  l__HEADER |    00000001  l__HEADER |    00000001  l__HEADER
     00000002  ___bank_b |    00000002  ___bank_b |    00000002  ___bank_d
     00000002  ___bank_g |    00000002  ___bank_h |    00000002  ___bank_j
     00000002  ___bank_j |    00000002  ___bank_n |    00000002  ___bank_p
     00000002  ___bank_p |    00000002  ___bank_s |    00000002  ___bank_s
     00000002  l__HEADER |    00000002  l__HEADER |    00000002  l__HEADER
     00000003  ___bank_s |    00000003  l__HEADER |    00000003  l__HEADER
     00000003  l__HRAM12 |    00000005  l__HEADER |    00000006  l__HEADER
     00000007  l__HEADER |    00000008  l__HEADER |    0000000C  l__GSINIT
     0000002B  l__INITIA |    0000002B  l__INITIA |    00000030  l__HEADER
     0000004E  l__HEADER |    00000078  l__DATA   |    00000082  l__HEADER
     00000200  s__CODE   |    0000061C  l__HOME   |    0000066F  l__CODE_1
     000009ED  l__CODE_3 |    00001010  l__CODE_2 |    00002000  _rROMB0  
     00003000  _rROMB1   |    0000355B  l__CODE   |    0000375B  s__HOME  
     00003D77  s__BASE   |    00003D77  s__CODE_0 |    00003D77  s__INITIA
     00003D77  s__LIT    |    00003DA2  s__GSINIT |    00003DAE  s__GSFINA
     00003FFC  l__CODE_4 |    00004000  _rRAMB    |    00008000  __VRAM   
     00008000  __VRAM800 |    00008800  __VRAM880 |    00009000  __VRAM900
     00009800  __SCRN0   |    00009C00  __SCRN1   |    0000A000  __SRAM   
     0000C000  __RAM     |    0000C000  _shadow_O |    0000C0A0  s__DATA  
     0000C118  s__BSS    |    0000C118  s__INITIA |    0000C143  s__HEAP  
     0000D000  __RAMBANK |    0000E000  .STACK    |    0000FE00  __OAMRAM 
     0000FF00  _P1_REG   |    0000FF00  __IO      |    0000FF01  _SB_REG  
     0000FF02  _SC_REG   |    0000FF04  _DIV_REG  |    0000FF05  _TIMA_REG
     0000FF06  _TMA_REG  |    0000FF07  _TAC_REG  |    0000FF0F  _IF_REG  
     0000FF10  _NR10_REG |    0000FF11  _NR11_REG |    0000FF12  _NR12_REG
     0000FF13  _NR13_REG |    0000FF14  _NR14_REG |    0000FF16  _NR21_REG
     0000FF17  _NR22_REG |    0000FF18  _NR23_REG |    0000FF19  _NR24_REG
     0000FF1A  _NR30_REG |    0000FF1B  _NR31_REG |    0000FF1C  _NR32_REG
     0000FF1D  _NR33_REG |    0000FF1E  _NR34_REG |    0000FF20  _NR41_REG
     0000FF21  _NR42_REG |    0000FF22  _NR43_REG |    0000FF23  _NR44_REG
     0000FF24  _NR50_REG |    0000FF25  _NR51_REG |    0000FF26  _NR52_REG
     0000FF30  _PCM_SAMP |    0000FF30  __AUD3WAV |    0000FF40  _LCDC_REG
     0000FF41  _STAT_REG |    0000FF42  _SCY_REG  |    0000FF43  _SCX_REG 
     0000FF44  _LY_REG   |    0000FF45  _LYC_REG  |    0000FF46  _DMA_REG 
     0000FF47  _BGP_REG  |    0000FF48  _OBP0_REG |    0000FF49  _OBP1_REG
ASxxxx Linker V03.00 + NoICE + sdld,  page 2.
Hexadecimal  [32-Bits]

Area                       Addr        Size        Decimal Bytes (Attributes)
--------------------       ----        ----        ------- ----- ------------
.  .ABS.               00000000    00000000 =           0. bytes (ABS,CON)

        Value  Global            Value  Global            Value  Global    
        -----  ------            -----  ------            -----  ------    
     0000FF4A  _WY_REG   |    0000FF4B  _WX_REG   |    0000FF4D  _KEY1_REG
     0000FF4F  _VBK_REG  |    0000FF51  _HDMA1_RE |    0000FF52  _HDMA2_RE
     0000FF53  _HDMA3_RE |    0000FF54  _HDMA4_RE |    0000FF55  _HDMA5_RE
     0000FF56  _RP_REG   |    0000FF68  _BCPS_REG |    0000FF69  _BCPD_REG
     0000FF6A  _OCPS_REG |    0000FF6B  _OCPD_REG |    0000FF70  _SVBK_REG
     0000FF76  _PCM12_RE |    0000FF77  _PCM34_RE |    0000FF80  .refresh_
     0000FF80  __HRAM    |    0000FFFF  _IE_REG   |    00014000  s__CODE_1
     00024000  s__CODE_2 |    00034000  s__CODE_3 |    00044000  s__CODE_4
ASxxxx Linker V03.00 + NoICE + sdld,  page 3.
Hexadecimal  [32-Bits]

Area                       Addr        Size        Decimal Bytes (Attributes)
--------------------       ----        ----        ------- ----- ------------
_CODE                  00000200    0000355B =       13659. bytes (REL,CON)

        Value  Global            Value  Global            Value  Global    
        -----  ------            -----  ------            -----  ------    
     00000200  _lcd_inte |    00000207  _attempts |    0000020E  _vbl_inte
     00000240  _vbl_inte |    00000270  _init_bac |    000002B6  _collide 
     000012DC  _tick_pla |    000013DC  _initiali |    0000141F  _skip_to 
     0000169A  _game     |    00001FFF  _title    |    0000283F  _game_tit
     0000284A  _start_te |    0000284F  _player_t |    00002855  _player_s
     00002D2C  _level_se |    00003331  _level_te |    00003336  _progress
     0000333E  _attempts |    00003346  _back_tex |    0000334A  _main    
     000034B8  gbt_get_p |    000034D5  gbt_get_p |    000034F4  _gbt_play
     000035AF  _gbt_paus |    000035C0  _gbt_loop |    000035C7  _gbt_stop
     000035D2  _gbt_enab |    000035D9  _gbt_upda |    000036DE  _get_vram
     000036EB  _get_win_ |    000036F3  _get_bkg_ |    0000371A  _set_vram
     00003729  _set_win_ |    00003731  _set_bkg_
ASxxxx Linker V03.00 + NoICE + sdld,  page 4.
Hexadecimal  [32-Bits]

Area                       Addr        Size        Decimal Bytes (Attributes)
--------------------       ----        ----        ------- ----- ------------
_HEADER0               00000000    00000001 =           1. bytes (ABS,CON)

        Value  Global            Value  Global            Value  Global    
        -----  ------            -----  ------            -----  ------    
     00000020  .call_hl 
ASxxxx Linker V03.00 + NoICE + sdld,  page 5.
Hexadecimal  [32-Bits]

Area                       Addr        Size        Decimal Bytes (Attributes)
--------------------       ----        ----        ------- ----- ------------
_HEADER1               00000000    00000005 =           5. bytes (ABS,CON)

        Value  Global            Value  Global            Value  Global    
        -----  ------            -----  ------            -----  ------    
     00000028  .MemsetSm
ASxxxx Linker V03.00 + NoICE + sdld,  page 6.
Hexadecimal  [32-Bits]

Area                       Addr        Size        Decimal Bytes (Attributes)
--------------------       ----        ----        ------- ----- ------------
_HEADER2               00000000    00000007 =           7. bytes (ABS,CON)

        Value  Global            Value  Global            Value  Global    
        -----  ------            -----  ------            -----  ------    
     00000030  .MemcpySm
ASxxxx Linker V03.00 + NoICE + sdld,  page 7.
Hexadecimal  [32-Bits]

Area                       Addr        Size        Decimal Bytes (Attributes)
--------------------       ----        ----        ------- ----- ------------
_HEADER3               00000000    00000008 =           8. bytes (ABS,CON)

        Value  Global            Value  Global            Value  Global    
        -----  ------            -----  ------            -----  ------    
ASxxxx Linker V03.00 + NoICE + sdld,  page 8.
Hexadecimal  [32-Bits]

Area                       Addr        Size        Decimal Bytes (Attributes)
--------------------       ----        ----        ------- ----- ------------
_HEADER4               00000000    0000004E =          78. bytes (ABS,CON)

        Value  Global            Value  Global            Value  Global    
        -----  ------            -----  ------            -----  ------    
     00000080  .int      |    0000008F  _wait_int |    0000009C  __standar
     000000AC  _refresh_
ASxxxx Linker V03.00 + NoICE + sdld,  page 9.
Hexadecimal  [32-Bits]

Area                       Addr        Size        Decimal Bytes (Attributes)
--------------------       ----        ----        ------- ----- ------------
_HEADER5               00000000    00000002 =           2. bytes (ABS,CON)

        Value  Global            Value  Global            Value  Global    
        -----  ------            -----  ------            -----  ------    
ASxxxx Linker V03.00 + NoICE + sdld,  page 10.
Hexadecimal  [32-Bits]

Area                       Addr        Size        Decimal Bytes (Attributes)
--------------------       ----        ----        ------- ----- ------------
_HEADER6               00000000    00000030 =          48. bytes (ABS,CON)

        Value  Global            Value  Global            Value  Global    
        -----  ------            -----  ------            -----  ------    
ASxxxx Linker V03.00 + NoICE + sdld,  page 11.
Hexadecimal  [32-Bits]

Area                       Addr        Size        Decimal Bytes (Attributes)
--------------------       ----        ----        ------- ----- ------------
_HEADER7               00000000    00000006 =           6. bytes (ABS,CON)

        Value  Global            Value  Global            Value  Global    
        -----  ------            -----  ------            -----  ------    
ASxxxx Linker V03.00 + NoICE + sdld,  page 12.
Hexadecimal  [32-Bits]

Area                       Addr        Size        Decimal Bytes (Attributes)
--------------------       ----        ----        ------- ----- ------------
_HEADER8               00000000    00000003 =           3. bytes (ABS,CON)

        Value  Global            Value  Global            Value  Global    
        -----  ------            -----  ------            -----  ------    
ASxxxx Linker V03.00 + NoICE + sdld,  page 13.
Hexadecimal  [32-Bits]

Area                       Addr        Size        Decimal Bytes (Attributes)
--------------------       ----        ----        ------- ----- ------------
_HEADER9               00000000    00000001 =           1. bytes (ABS,CON)

        Value  Global            Value  Global            Value  Global    
        -----  ------            -----  ------            -----  ------    
ASxxxx Linker V03.00 + NoICE + sdld,  page 14.
Hexadecimal  [32-Bits]

Area                       Addr        Size        Decimal Bytes (Attributes)
--------------------       ----        ----        ------- ----- ------------
_HEADERa               00000000    00000001 =           1. bytes (ABS,CON)

        Value  Global            Value  Global            Value  Global    
        -----  ------            -----  ------            -----  ------    
ASxxxx Linker V03.00 + NoICE + sdld,  page 15.
Hexadecimal  [32-Bits]

Area                       Addr        Size        Decimal Bytes (Attributes)
--------------------       ----        ----        ------- ----- ------------
_HEADERb               00000000    00000001 =           1. bytes (ABS,CON)

        Value  Global            Value  Global            Value  Global    
        -----  ------            -----  ------            -----  ------    
ASxxxx Linker V03.00 + NoICE + sdld,  page 16.
Hexadecimal  [32-Bits]

Area                       Addr        Size        Decimal Bytes (Attributes)
--------------------       ----        ----        ------- ----- ------------
_HEADERc               00000000    00000002 =           2. bytes (ABS,CON)

        Value  Global            Value  Global            Value  Global    
        -----  ------            -----  ------            -----  ------    
ASxxxx Linker V03.00 + NoICE + sdld,  page 17.
Hexadecimal  [32-Bits]

Area                       Addr        Size        Decimal Bytes (Attributes)
--------------------       ----        ----        ------- ----- ------------
_HEADERd               00000000    00000001 =           1. bytes (ABS,CON)

        Value  Global            Value  Global            Value  Global    
        -----  ------            -----  ------            -----  ------    
ASxxxx Linker V03.00 + NoICE + sdld,  page 18.
Hexadecimal  [32-Bits]

Area                       Addr        Size        Decimal Bytes (Attributes)
--------------------       ----        ----        ------- ----- ------------
_HEADERe               00000000    00000001 =           1. bytes (ABS,CON)

        Value  Global            Value  Global            Value  Global    
        -----  ------            -----  ------            -----  ------    
ASxxxx Linker V03.00 + NoICE + sdld,  page 19.
Hexadecimal  [32-Bits]

Area                       Addr        Size        Decimal Bytes (Attributes)
--------------------       ----        ----        ------- ----- ------------
_HEADERf               00000000    00000002 =           2. bytes (ABS,CON)

        Value  Global            Value  Global            Value  Global    
        -----  ------            -----  ------            -----  ------    
ASxxxx Linker V03.00 + NoICE + sdld,  page 20.
Hexadecimal  [32-Bits]

Area                       Addr        Size        Decimal Bytes (Attributes)
--------------------       ----        ----        ------- ----- ------------
_HEADER10              00000000    00000082 =         130. bytes (ABS,CON)

        Value  Global            Value  Global            Value  Global    
        -----  ------            -----  ------            -----  ------    
     00000150  .reset    |    00000150  _reset    |    00000157  .code_sta
     000001B7  _exit     |    000001BB  _set_inte
ASxxxx Linker V03.00 + NoICE + sdld,  page 21.
Hexadecimal  [32-Bits]

Area                       Addr        Size        Decimal Bytes (Attributes)
--------------------       ----        ----        ------- ----- ------------
_HEADER11              00000000    00000001 =           1. bytes (ABS,CON)

        Value  Global            Value  Global            Value  Global    
        -----  ------            -----  ------            -----  ------    
ASxxxx Linker V03.00 + NoICE + sdld,  page 22.
Hexadecimal  [32-Bits]

Area                       Addr        Size        Decimal Bytes (Attributes)
--------------------       ----        ----        ------- ----- ------------
_HOME                  0000375B    0000061C =        1564. bytes (REL,CON)

        Value  Global            Value  Global            Value  Global    
        -----  ------            -----  ------            -----  ------    
     0000375B  .memset_s |    00003764  .memcpy_s |    00003781  .remove_V
     00003784  .remove_i |    000037A1  .add_VBL  |    000037A4  .add_int 
     000037AF  .wait_vbl |    000037AF  _wait_vbl |    000037BF  .display_
     000037BF  _display_ |    000037D7  _remove_V |    000037E2  _add_VBL 
     000037ED  __divsuch |    000037FA  __modsuch |    00003804  __divusch
     00003816  __modusch |    00003826  __divscha |    00003832  __modscha
     0000383C  __divsint |    0000384D  __modsint |    0000385C  __divucha
     00003868  __moducha |    00003872  __divuint |    00003883  __moduint
     00003892  .div8     |    00003892  .mod8     |    0000389A  .div16   
     0000389A  .mod16    |    000038D0  .divu8    |    000038D0  .modu8   
     000038D3  .divu16   |    000038D3  .modu16   |    00003914  _set_tile
     00003919  _set_bkg_ |    00003919  _set_win_ |    00003921  _set_spri
     00003980  _add_LCD  |    0000398B  .add_LCD  |    00003991  _remove_L
     0000399C  .remove_L |    000039A2  __modulon |    00003A37  .padup   
     00003A37  _waitpadu |    00003A47  .jpad     |    00003A47  _joypad  
     00003A6F  _waitpad  |    00003A72  .wait_pad |    00003A79  __divulon
     00003AFB  _delay    |    00003B00  .delay    |    00003B2C  __mullong
     00003CB5  _set_bkg_ |    00003CC9  __mulsuch |    00003CD3  __mulusch
     00003CDD  __mulscha |    00003CEF  __mulucha |    00003CFB  __mulint 
     00003D21  .set_xy_w |    00003D2A  .set_xy_b |    00003D39  .set_xy_t
ASxxxx Linker V03.00 + NoICE + sdld,  page 23.
Hexadecimal  [32-Bits]

Area                       Addr        Size        Decimal Bytes (Attributes)
--------------------       ----        ----        ------- ----- ------------
_INITIALIZER           00003D77    0000002B =          43. bytes (REL,CON)

        Value  Global            Value  Global            Value  Global    
        -----  ------            -----  ------            -----  ------    
ASxxxx Linker V03.00 + NoICE + sdld,  page 24.
Hexadecimal  [32-Bits]

Area                       Addr        Size        Decimal Bytes (Attributes)
--------------------       ----        ----        ------- ----- ------------
_GSINIT                00003DA2    0000000C =          12. bytes (REL,CON)

        Value  Global            Value  Global            Value  Global    
        -----  ------            -----  ------            -----  ------    
     00003DA2  gsinit   
ASxxxx Linker V03.00 + NoICE + sdld,  page 25.
Hexadecimal  [32-Bits]

Area                       Addr        Size        Decimal Bytes (Attributes)
--------------------       ----        ----        ------- ----- ------------
_GSFINAL               00003DAE    00000001 =           1. bytes (REL,CON)

        Value  Global            Value  Global            Value  Global    
        -----  ------            -----  ------            -----  ------    
ASxxxx Linker V03.00 + NoICE + sdld,  page 26.
Hexadecimal  [32-Bits]

Area                       Addr        Size        Decimal Bytes (Attributes)
--------------------       ----        ----        ------- ----- ------------
_DATA                  0000C0A0    00000078 =         120. bytes (REL,CON)

        Value  Global            Value  Global            Value  Global    
        -----  ------            -----  ------            -----  ------    
     0000C0A0  __cpu     |    0000C0A1  __is_GBA  |    0000C0A2  .mode    
     0000C0A3  .sys_time |    0000C0A3  _sys_time |    0000C0A5  .int_0x40
     0000C0B9  _scx_cnt  |    0000C0BA  _render_r |    0000C0BB  _render_c
     0000C0BC  _count    |    0000C0BE  _saved_ba |    0000C0BF  _vbl_coun
     0000C0C0  _attempts |    0000C0C4  _px_progr |    0000C0C8  gbt_playi
     0000C0C9  gbt_song  |    0000C0CB  gbt_bank  |    0000C0CC  gbt_speed
     0000C0CD  gbt_temp_ |    0000C0D9  gbt_loop_ |    0000C0DA  gbt_ticks
     0000C0DB  gbt_curre |    0000C0DC  gbt_curre |    0000C0DD  gbt_curre
     0000C0DF  gbt_chann |    0000C0E0  gbt_pan   |    0000C0E4  gbt_vol  
     0000C0E8  gbt_instr |    0000C0EC  gbt_freq  |    0000C0F2  gbt_chann
     0000C0F3  gbt_arpeg |    0000C0FC  gbt_arpeg |    0000C0FF  gbt_arpeg
     0000C102  gbt_cut_n |    0000C106  gbt_have_ |    0000C107  gbt_updat
     0000C108  .int_0x48
ASxxxx Linker V03.00 + NoICE + sdld,  page 27.
Hexadecimal  [32-Bits]

Area                       Addr        Size        Decimal Bytes (Attributes)
--------------------       ----        ----        ------- ----- ------------
_INITIALIZED           0000C118    0000002B =          43. bytes (REL,CON)

        Value  Global            Value  Global            Value  Global    
        -----  ------            -----  ------            -----  ------    
     0000C118  _player_d |    0000C119  _player_d |    0000C11A  _current_
     0000C11B  _grav_inv |    0000C11C  _player_y |    0000C11D  _player_x
     0000C11E  _player_s |    0000C11F  _on_groun |    0000C120  _win     
     0000C121  _lose     |    0000C122  _prev_jpa |    0000C123  _jpad    
     0000C124  _tick     |    0000C125  _saved_ti |    0000C126  _backgrou
     0000C128  _old_back |    0000C12A  _old_scro |    0000C12C  _parallax
     0000C12D  _level_in |    0000C12E  _level_ma |    0000C132  _level_wi
     0000C136  _level_ba |    0000C138  _current_ |    0000C13A  _px_progr
     0000C13C  _old_px_p |    0000C13E  _saved    |    0000C140  _title_lo
     0000C141  _cursor_t |    0000C142  _cursor_t
ASxxxx Linker V03.00 + NoICE + sdld,  page 28.
Hexadecimal  [32-Bits]

Area                       Addr        Size        Decimal Bytes (Attributes)
--------------------       ----        ----        ------- ----- ------------
_HRAM12                00000000    00000003 =           3. bytes (ABS,CON)

        Value  Global            Value  Global            Value  Global    
        -----  ------            -----  ------            -----  ------    
     0000FF90  __current |    0000FF92  __shadow_
ASxxxx Linker V03.00 + NoICE + sdld,  page 29.
Hexadecimal  [32-Bits]

Area                       Addr        Size        Decimal Bytes (Attributes)
--------------------       ----        ----        ------- ----- ------------
_CODE_3                00034000    000009ED =        2541. bytes (REL,CON)

        Value  Global            Value  Global            Value  Global    
        -----  ------            -----  ------            -----  ------    
     00034000  _title_ma |    00034438  _song0    |    0003457A  _song1   
     000346F8  _song2    |    00034873  _song3    |    000349E3  _song_Dat
ASxxxx Linker V03.00 + NoICE + sdld,  page 30.
Hexadecimal  [32-Bits]

Area                       Addr        Size        Decimal Bytes (Attributes)
--------------------       ----        ----        ------- ----- ------------
_CODE_4                00044000    00003FFC =       16380. bytes (REL,CON)

        Value  Global            Value  Global            Value  Global    
        -----  ------            -----  ------            -----  ------    
     00044000  _level1_v |    00045FFE  _level2  
ASxxxx Linker V03.00 + NoICE + sdld,  page 31.
Hexadecimal  [32-Bits]

Area                       Addr        Size        Decimal Bytes (Attributes)
--------------------       ----        ----        ------- ----- ------------
_CODE_1                00014000    0000066F =        1647. bytes (REL,CON)

        Value  Global            Value  Global            Value  Global    
        -----  ------            -----  ------            -----  ------    
     0001412C  gbt_chann |    00014282  gbt_chann |    000143D4  gbt_chann
     00014543  gbt_chann |    00014636  gbt_updat |    00014652  gbt_updat
ASxxxx Linker V03.00 + NoICE + sdld,  page 32.
Hexadecimal  [32-Bits]

Area                       Addr        Size        Decimal Bytes (Attributes)
--------------------       ----        ----        ------- ----- ------------
_CODE_2                00024000    00001010 =        4112. bytes (REL,CON)

        Value  Global            Value  Global            Value  Global    
        -----  ------            -----  ------            -----  ------    
     00024000  _gb_tiles |    000240D0  _players  |    000241E0  _parallax
     00024260  _small_sp |    000242E0  _big_spik |    00024360  _half_blo
     000243E0  _jump_cir |    00024460  _jump_til |    000244E0  _nima    
     00024960  _aero     |    00024DE0  _progress |    00024E70  _aero_cur
     00024E90  _down_spi |    00024F10  _back_spi |    00024F90  _ship_par
ASxxxx Linker V03.00 + NoICE + sdld,  page 33.
Hexadecimal  [32-Bits]

Area                       Addr        Size        Decimal Bytes (Attributes)
--------------------       ----        ----        ------- ----- ------------
_HEADER_LCD0           00000000    00000003 =           3. bytes (ABS,CON)

        Value  Global            Value  Global            Value  Global    
        -----  ------            -----  ------            -----  ------    
ASxxxx Linker V03.00 + NoICE + sdld,  page 34.

Files Linked                              [ module(s) ]

../gbdk/lib/small/asxxxx/gb/crt0.o        [ Runtime ]
build/title_map.o                         [ title_map_v2 ]
build/level1.o                            [ level1_v2 ]
build/level2.o                            [ level2 ]
build/geometry_boy.o                      [ geometry_boy ]
build/music_output.o                      [ output ]
build/gbt_player.o                        [  ]
build/gbt_player_bank1.o                  [  ]
build/tiles.o                             [ tiles ]


Libraries Linked                          [ object file ]

../gbdk/lib/small/asxxxx/gbz80/gbz80.lib  [ div.o ]
../gbdk/lib/small/asxxxx/gb/gb.lib        [ sfr.o ]
../gbdk/lib/small/asxxxx/gb/gb.lib        [ get_tile.o ]
../gbdk/lib/small/asxxxx/gb/gb.lib        [ set_data.o ]
../gbdk/lib/small/asxxxx/gb/gb.lib        [ set_tile.o ]
../gbdk/lib/small/asxxxx/gb/gb.lib        [ lcd.o ]
../gbdk/lib/small/asxxxx/gbz80/gbz80.lib  [ _modulong.o ]
../gbdk/lib/small/asxxxx/gb/gb.lib        [ pad.o ]
../gbdk/lib/small/asxxxx/gbz80/gbz80.lib  [ _divulong.o ]
../gbdk/lib/small/asxxxx/gb/gb.lib        [ delay.o ]
../gbdk/lib/small/asxxxx/gbz80/gbz80.lib  [ _mullong.o ]
../gbdk/lib/small/asxxxx/gb/gb.lib        [ set_bk_t.o ]
../gbdk/lib/small/asxxxx/gbz80/gbz80.lib  [ mul.o ]
../gbdk/lib/small/asxxxx/gb/gb.lib        [ set_xy_t.o ]

ASxxxx Linker V03.00 + NoICE + sdld,  page 35.

User Base Address Definitions

_DATA=0xC0A0
_CODE=0x0200
ASxxxx Linker V03.00 + NoICE + sdld,  page 36.

User Global Definitions

_shadow_OAM=0xC000
.STACK=0xE000
.refresh_OAM=0xFF80

