                                      1 ;--------------------------------------------------------
                                      2 ; File Created by SDCC : free open source ANSI-C Compiler
                                      3 ; Version 4.1.6 #12539 (Linux)
                                      4 ;--------------------------------------------------------
                                      5 	.module jump_tile_parallax
                                      6 	.optsdcc -mgbz80
                                      7 	
                                      8 ;--------------------------------------------------------
                                      9 ; Public variables in this module
                                     10 ;--------------------------------------------------------
                                     11 	.globl _jump_tile_parallax
                                     12 	.globl ___bank_jump_tile_parallax
                                     13 ;--------------------------------------------------------
                                     14 ; special function registers
                                     15 ;--------------------------------------------------------
                                     16 ;--------------------------------------------------------
                                     17 ; ram data
                                     18 ;--------------------------------------------------------
                                     19 	.area _DATA
                                     20 ;--------------------------------------------------------
                                     21 ; ram data
                                     22 ;--------------------------------------------------------
                                     23 	.area _INITIALIZED
                                     24 ;--------------------------------------------------------
                                     25 ; absolute external ram data
                                     26 ;--------------------------------------------------------
                                     27 	.area _DABS (ABS)
                                     28 ;--------------------------------------------------------
                                     29 ; global & static initialisations
                                     30 ;--------------------------------------------------------
                                     31 	.area _HOME
                                     32 	.area _GSINIT
                                     33 	.area _GSFINAL
                                     34 	.area _GSINIT
                                     35 ;--------------------------------------------------------
                                     36 ; Home
                                     37 ;--------------------------------------------------------
                                     38 	.area _HOME
                                     39 	.area _HOME
                                     40 ;--------------------------------------------------------
                                     41 ; code
                                     42 ;--------------------------------------------------------
                                     43 	.area _CODE_2
                                     44 	.area _CODE_2
                           000002    45 ___bank_jump_tile_parallax	=	0x0002
      000000                         46 _jump_tile_parallax:
      000000 81                      47 	.db #0x81	; 129
      000001 00                      48 	.db #0x00	; 0
      000002 81                      49 	.db #0x81	; 129
      000003 00                      50 	.db #0x00	; 0
      000004 81                      51 	.db #0x81	; 129
      000005 00                      52 	.db #0x00	; 0
      000006 81                      53 	.db #0x81	; 129
      000007 00                      54 	.db #0x00	; 0
      000008 81                      55 	.db #0x81	; 129
      000009 00                      56 	.db #0x00	; 0
      00000A 00                      57 	.db #0x00	; 0
      00000B 00                      58 	.db #0x00	; 0
      00000C 7E                      59 	.db #0x7e	; 126
      00000D 00                      60 	.db #0x00	; 0
      00000E 00                      61 	.db #0x00	; 0
      00000F FF                      62 	.db #0xff	; 255
      000010 C0                      63 	.db #0xc0	; 192
      000011 00                      64 	.db #0x00	; 0
      000012 C0                      65 	.db #0xc0	; 192
      000013 00                      66 	.db #0x00	; 0
      000014 C0                      67 	.db #0xc0	; 192
      000015 00                      68 	.db #0x00	; 0
      000016 C0                      69 	.db #0xc0	; 192
      000017 00                      70 	.db #0x00	; 0
      000018 C0                      71 	.db #0xc0	; 192
      000019 00                      72 	.db #0x00	; 0
      00001A 00                      73 	.db #0x00	; 0
      00001B 00                      74 	.db #0x00	; 0
      00001C 7E                      75 	.db #0x7e	; 126
      00001D 00                      76 	.db #0x00	; 0
      00001E 00                      77 	.db #0x00	; 0
      00001F FF                      78 	.db #0xff	; 255
      000020 60                      79 	.db #0x60	; 96
      000021 00                      80 	.db #0x00	; 0
      000022 60                      81 	.db #0x60	; 96
      000023 00                      82 	.db #0x00	; 0
      000024 60                      83 	.db #0x60	; 96
      000025 00                      84 	.db #0x00	; 0
      000026 60                      85 	.db #0x60	; 96
      000027 00                      86 	.db #0x00	; 0
      000028 60                      87 	.db #0x60	; 96
      000029 00                      88 	.db #0x00	; 0
      00002A 00                      89 	.db #0x00	; 0
      00002B 00                      90 	.db #0x00	; 0
      00002C 7E                      91 	.db #0x7e	; 126
      00002D 00                      92 	.db #0x00	; 0
      00002E 00                      93 	.db #0x00	; 0
      00002F FF                      94 	.db #0xff	; 255
      000030 30                      95 	.db #0x30	; 48	'0'
      000031 00                      96 	.db #0x00	; 0
      000032 30                      97 	.db #0x30	; 48	'0'
      000033 00                      98 	.db #0x00	; 0
      000034 30                      99 	.db #0x30	; 48	'0'
      000035 00                     100 	.db #0x00	; 0
      000036 30                     101 	.db #0x30	; 48	'0'
      000037 00                     102 	.db #0x00	; 0
      000038 30                     103 	.db #0x30	; 48	'0'
      000039 00                     104 	.db #0x00	; 0
      00003A 00                     105 	.db #0x00	; 0
      00003B 00                     106 	.db #0x00	; 0
      00003C 7E                     107 	.db #0x7e	; 126
      00003D 00                     108 	.db #0x00	; 0
      00003E 00                     109 	.db #0x00	; 0
      00003F FF                     110 	.db #0xff	; 255
      000040 18                     111 	.db #0x18	; 24
      000041 00                     112 	.db #0x00	; 0
      000042 18                     113 	.db #0x18	; 24
      000043 00                     114 	.db #0x00	; 0
      000044 18                     115 	.db #0x18	; 24
      000045 00                     116 	.db #0x00	; 0
      000046 18                     117 	.db #0x18	; 24
      000047 00                     118 	.db #0x00	; 0
      000048 18                     119 	.db #0x18	; 24
      000049 00                     120 	.db #0x00	; 0
      00004A 00                     121 	.db #0x00	; 0
      00004B 00                     122 	.db #0x00	; 0
      00004C 7E                     123 	.db #0x7e	; 126
      00004D 00                     124 	.db #0x00	; 0
      00004E 00                     125 	.db #0x00	; 0
      00004F FF                     126 	.db #0xff	; 255
      000050 0C                     127 	.db #0x0c	; 12
      000051 00                     128 	.db #0x00	; 0
      000052 0C                     129 	.db #0x0c	; 12
      000053 00                     130 	.db #0x00	; 0
      000054 0C                     131 	.db #0x0c	; 12
      000055 00                     132 	.db #0x00	; 0
      000056 0C                     133 	.db #0x0c	; 12
      000057 00                     134 	.db #0x00	; 0
      000058 0C                     135 	.db #0x0c	; 12
      000059 00                     136 	.db #0x00	; 0
      00005A 00                     137 	.db #0x00	; 0
      00005B 00                     138 	.db #0x00	; 0
      00005C 7E                     139 	.db #0x7e	; 126
      00005D 00                     140 	.db #0x00	; 0
      00005E 00                     141 	.db #0x00	; 0
      00005F FF                     142 	.db #0xff	; 255
      000060 06                     143 	.db #0x06	; 6
      000061 00                     144 	.db #0x00	; 0
      000062 06                     145 	.db #0x06	; 6
      000063 00                     146 	.db #0x00	; 0
      000064 06                     147 	.db #0x06	; 6
      000065 00                     148 	.db #0x00	; 0
      000066 06                     149 	.db #0x06	; 6
      000067 00                     150 	.db #0x00	; 0
      000068 06                     151 	.db #0x06	; 6
      000069 00                     152 	.db #0x00	; 0
      00006A 00                     153 	.db #0x00	; 0
      00006B 00                     154 	.db #0x00	; 0
      00006C 7E                     155 	.db #0x7e	; 126
      00006D 00                     156 	.db #0x00	; 0
      00006E 00                     157 	.db #0x00	; 0
      00006F FF                     158 	.db #0xff	; 255
      000070 03                     159 	.db #0x03	; 3
      000071 00                     160 	.db #0x00	; 0
      000072 03                     161 	.db #0x03	; 3
      000073 00                     162 	.db #0x00	; 0
      000074 03                     163 	.db #0x03	; 3
      000075 00                     164 	.db #0x00	; 0
      000076 03                     165 	.db #0x03	; 3
      000077 00                     166 	.db #0x00	; 0
      000078 03                     167 	.db #0x03	; 3
      000079 00                     168 	.db #0x00	; 0
      00007A 00                     169 	.db #0x00	; 0
      00007B 00                     170 	.db #0x00	; 0
      00007C 7E                     171 	.db #0x7e	; 126
      00007D 00                     172 	.db #0x00	; 0
      00007E 00                     173 	.db #0x00	; 0
      00007F FF                     174 	.db #0xff	; 255
                                    175 	.area _INITIALIZER
                                    176 	.area _CABS (ABS)
