                                      1 ;--------------------------------------------------------
                                      2 ; File Created by SDCC : free open source ANSI-C Compiler
                                      3 ; Version 4.1.6 #12539 (Linux)
                                      4 ;--------------------------------------------------------
                                      5 	.module jump_circle_parallax
                                      6 	.optsdcc -mgbz80
                                      7 	
                                      8 ;--------------------------------------------------------
                                      9 ; Public variables in this module
                                     10 ;--------------------------------------------------------
                                     11 	.globl _jump_circle_parallax
                                     12 	.globl ___bank_jump_circle_parallax
                                     13 ;--------------------------------------------------------
                                     14 ; special function registers
                                     15 ;--------------------------------------------------------
                                     16 ;--------------------------------------------------------
                                     17 ; ram data
                                     18 ;--------------------------------------------------------
                                     19 	.area _DATA
                                     20 ;--------------------------------------------------------
                                     21 ; ram data
                                     22 ;--------------------------------------------------------
                                     23 	.area _INITIALIZED
                                     24 ;--------------------------------------------------------
                                     25 ; absolute external ram data
                                     26 ;--------------------------------------------------------
                                     27 	.area _DABS (ABS)
                                     28 ;--------------------------------------------------------
                                     29 ; global & static initialisations
                                     30 ;--------------------------------------------------------
                                     31 	.area _HOME
                                     32 	.area _GSINIT
                                     33 	.area _GSFINAL
                                     34 	.area _GSINIT
                                     35 ;--------------------------------------------------------
                                     36 ; Home
                                     37 ;--------------------------------------------------------
                                     38 	.area _HOME
                                     39 	.area _HOME
                                     40 ;--------------------------------------------------------
                                     41 ; code
                                     42 ;--------------------------------------------------------
                                     43 	.area _CODE_2
                                     44 	.area _CODE_2
                           000002    45 ___bank_jump_circle_parallax	=	0x0002
      000000                         46 _jump_circle_parallax:
      000000 81                      47 	.db #0x81	; 129
      000001 00                      48 	.db #0x00	; 0
      000002 81                      49 	.db #0x81	; 129
      000003 00                      50 	.db #0x00	; 0
      000004 99                      51 	.db #0x99	; 153
      000005 00                      52 	.db #0x00	; 0
      000006 A5                      53 	.db #0xa5	; 165
      000007 18                      54 	.db #0x18	; 24
      000008 A5                      55 	.db #0xa5	; 165
      000009 18                      56 	.db #0x18	; 24
      00000A 99                      57 	.db #0x99	; 153
      00000B 00                      58 	.db #0x00	; 0
      00000C 81                      59 	.db #0x81	; 129
      00000D 00                      60 	.db #0x00	; 0
      00000E 81                      61 	.db #0x81	; 129
      00000F 00                      62 	.db #0x00	; 0
      000010 C0                      63 	.db #0xc0	; 192
      000011 00                      64 	.db #0x00	; 0
      000012 C0                      65 	.db #0xc0	; 192
      000013 00                      66 	.db #0x00	; 0
      000014 98                      67 	.db #0x98	; 152
      000015 00                      68 	.db #0x00	; 0
      000016 A4                      69 	.db #0xa4	; 164
      000017 18                      70 	.db #0x18	; 24
      000018 A4                      71 	.db #0xa4	; 164
      000019 18                      72 	.db #0x18	; 24
      00001A 98                      73 	.db #0x98	; 152
      00001B 00                      74 	.db #0x00	; 0
      00001C C0                      75 	.db #0xc0	; 192
      00001D 00                      76 	.db #0x00	; 0
      00001E C0                      77 	.db #0xc0	; 192
      00001F 00                      78 	.db #0x00	; 0
      000020 60                      79 	.db #0x60	; 96
      000021 00                      80 	.db #0x00	; 0
      000022 40                      81 	.db #0x40	; 64
      000023 00                      82 	.db #0x00	; 0
      000024 18                      83 	.db #0x18	; 24
      000025 00                      84 	.db #0x00	; 0
      000026 24                      85 	.db #0x24	; 36
      000027 18                      86 	.db #0x18	; 24
      000028 24                      87 	.db #0x24	; 36
      000029 18                      88 	.db #0x18	; 24
      00002A 18                      89 	.db #0x18	; 24
      00002B 00                      90 	.db #0x00	; 0
      00002C 40                      91 	.db #0x40	; 64
      00002D 00                      92 	.db #0x00	; 0
      00002E 60                      93 	.db #0x60	; 96
      00002F 00                      94 	.db #0x00	; 0
      000030 30                      95 	.db #0x30	; 48	'0'
      000031 00                      96 	.db #0x00	; 0
      000032 00                      97 	.db #0x00	; 0
      000033 00                      98 	.db #0x00	; 0
      000034 18                      99 	.db #0x18	; 24
      000035 00                     100 	.db #0x00	; 0
      000036 24                     101 	.db #0x24	; 36
      000037 18                     102 	.db #0x18	; 24
      000038 24                     103 	.db #0x24	; 36
      000039 18                     104 	.db #0x18	; 24
      00003A 18                     105 	.db #0x18	; 24
      00003B 00                     106 	.db #0x00	; 0
      00003C 00                     107 	.db #0x00	; 0
      00003D 00                     108 	.db #0x00	; 0
      00003E 30                     109 	.db #0x30	; 48	'0'
      00003F 00                     110 	.db #0x00	; 0
      000040 18                     111 	.db #0x18	; 24
      000041 00                     112 	.db #0x00	; 0
      000042 00                     113 	.db #0x00	; 0
      000043 00                     114 	.db #0x00	; 0
      000044 18                     115 	.db #0x18	; 24
      000045 00                     116 	.db #0x00	; 0
      000046 24                     117 	.db #0x24	; 36
      000047 18                     118 	.db #0x18	; 24
      000048 24                     119 	.db #0x24	; 36
      000049 18                     120 	.db #0x18	; 24
      00004A 18                     121 	.db #0x18	; 24
      00004B 00                     122 	.db #0x00	; 0
      00004C 00                     123 	.db #0x00	; 0
      00004D 00                     124 	.db #0x00	; 0
      00004E 18                     125 	.db #0x18	; 24
      00004F 00                     126 	.db #0x00	; 0
      000050 0C                     127 	.db #0x0c	; 12
      000051 00                     128 	.db #0x00	; 0
      000052 00                     129 	.db #0x00	; 0
      000053 00                     130 	.db #0x00	; 0
      000054 18                     131 	.db #0x18	; 24
      000055 00                     132 	.db #0x00	; 0
      000056 24                     133 	.db #0x24	; 36
      000057 18                     134 	.db #0x18	; 24
      000058 24                     135 	.db #0x24	; 36
      000059 18                     136 	.db #0x18	; 24
      00005A 18                     137 	.db #0x18	; 24
      00005B 00                     138 	.db #0x00	; 0
      00005C 00                     139 	.db #0x00	; 0
      00005D 00                     140 	.db #0x00	; 0
      00005E 0C                     141 	.db #0x0c	; 12
      00005F 00                     142 	.db #0x00	; 0
      000060 06                     143 	.db #0x06	; 6
      000061 00                     144 	.db #0x00	; 0
      000062 02                     145 	.db #0x02	; 2
      000063 00                     146 	.db #0x00	; 0
      000064 18                     147 	.db #0x18	; 24
      000065 00                     148 	.db #0x00	; 0
      000066 24                     149 	.db #0x24	; 36
      000067 18                     150 	.db #0x18	; 24
      000068 24                     151 	.db #0x24	; 36
      000069 18                     152 	.db #0x18	; 24
      00006A 18                     153 	.db #0x18	; 24
      00006B 00                     154 	.db #0x00	; 0
      00006C 02                     155 	.db #0x02	; 2
      00006D 00                     156 	.db #0x00	; 0
      00006E 06                     157 	.db #0x06	; 6
      00006F 00                     158 	.db #0x00	; 0
      000070 03                     159 	.db #0x03	; 3
      000071 00                     160 	.db #0x00	; 0
      000072 03                     161 	.db #0x03	; 3
      000073 00                     162 	.db #0x00	; 0
      000074 19                     163 	.db #0x19	; 25
      000075 00                     164 	.db #0x00	; 0
      000076 25                     165 	.db #0x25	; 37
      000077 18                     166 	.db #0x18	; 24
      000078 25                     167 	.db #0x25	; 37
      000079 18                     168 	.db #0x18	; 24
      00007A 19                     169 	.db #0x19	; 25
      00007B 00                     170 	.db #0x00	; 0
      00007C 03                     171 	.db #0x03	; 3
      00007D 00                     172 	.db #0x00	; 0
      00007E 03                     173 	.db #0x03	; 3
      00007F 00                     174 	.db #0x00	; 0
                                    175 	.area _INITIALIZER
                                    176 	.area _CABS (ABS)
