                                      1 ;--------------------------------------------------------
                                      2 ; File Created by SDCC : free open source ANSI-C Compiler
                                      3 ; Version 4.1.6 #12539 (Linux)
                                      4 ;--------------------------------------------------------
                                      5 	.module players
                                      6 	.optsdcc -mgbz80
                                      7 	
                                      8 ;--------------------------------------------------------
                                      9 ; Public variables in this module
                                     10 ;--------------------------------------------------------
                                     11 	.globl _players
                                     12 ;--------------------------------------------------------
                                     13 ; special function registers
                                     14 ;--------------------------------------------------------
                                     15 ;--------------------------------------------------------
                                     16 ; ram data
                                     17 ;--------------------------------------------------------
                                     18 	.area _DATA
                                     19 ;--------------------------------------------------------
                                     20 ; ram data
                                     21 ;--------------------------------------------------------
                                     22 	.area _INITIALIZED
                                     23 ;--------------------------------------------------------
                                     24 ; absolute external ram data
                                     25 ;--------------------------------------------------------
                                     26 	.area _DABS (ABS)
                                     27 ;--------------------------------------------------------
                                     28 ; global & static initialisations
                                     29 ;--------------------------------------------------------
                                     30 	.area _HOME
                                     31 	.area _GSINIT
                                     32 	.area _GSFINAL
                                     33 	.area _GSINIT
                                     34 ;--------------------------------------------------------
                                     35 ; Home
                                     36 ;--------------------------------------------------------
                                     37 	.area _HOME
                                     38 	.area _HOME
                                     39 ;--------------------------------------------------------
                                     40 ; code
                                     41 ;--------------------------------------------------------
                                     42 	.area _CODE_2
                                     43 	.area _CODE_2
      000000                         44 _players:
      000000 FF                      45 	.db #0xff	; 255
      000001 FF                      46 	.db #0xff	; 255
      000002 81                      47 	.db #0x81	; 129
      000003 81                      48 	.db #0x81	; 129
      000004 81                      49 	.db #0x81	; 129
      000005 81                      50 	.db #0x81	; 129
      000006 81                      51 	.db #0x81	; 129
      000007 99                      52 	.db #0x99	; 153
      000008 81                      53 	.db #0x81	; 129
      000009 99                      54 	.db #0x99	; 153
      00000A 81                      55 	.db #0x81	; 129
      00000B 81                      56 	.db #0x81	; 129
      00000C 81                      57 	.db #0x81	; 129
      00000D 81                      58 	.db #0x81	; 129
      00000E FF                      59 	.db #0xff	; 255
      00000F FF                      60 	.db #0xff	; 255
      000010 FF                      61 	.db #0xff	; 255
      000011 FF                      62 	.db #0xff	; 255
      000012 81                      63 	.db #0x81	; 129
      000013 FF                      64 	.db #0xff	; 255
      000014 81                      65 	.db #0x81	; 129
      000015 DB                      66 	.db #0xdb	; 219
      000016 81                      67 	.db #0x81	; 129
      000017 FF                      68 	.db #0xff	; 255
      000018 81                      69 	.db #0x81	; 129
      000019 FF                      70 	.db #0xff	; 255
      00001A 81                      71 	.db #0x81	; 129
      00001B C3                      72 	.db #0xc3	; 195
      00001C 81                      73 	.db #0x81	; 129
      00001D FF                      74 	.db #0xff	; 255
      00001E FF                      75 	.db #0xff	; 255
      00001F FF                      76 	.db #0xff	; 255
      000020 F7                      77 	.db #0xf7	; 247
      000021 F0                      78 	.db #0xf0	; 240
      000022 F7                      79 	.db #0xf7	; 247
      000023 F0                      80 	.db #0xf0	; 240
      000024 C7                      81 	.db #0xc7	; 199
      000025 C0                      82 	.db #0xc0	; 192
      000026 DF                      83 	.db #0xdf	; 223
      000027 C0                      84 	.db #0xc0	; 192
      000028 DF                      85 	.db #0xdf	; 223
      000029 C0                      86 	.db #0xc0	; 192
      00002A C7                      87 	.db #0xc7	; 199
      00002B C0                      88 	.db #0xc0	; 192
      00002C F7                      89 	.db #0xf7	; 247
      00002D F0                      90 	.db #0xf0	; 240
      00002E F7                      91 	.db #0xf7	; 247
      00002F F0                      92 	.db #0xf0	; 240
      000030 7E                      93 	.db #0x7e	; 126
      000031 7E                      94 	.db #0x7e	; 126
      000032 C3                      95 	.db #0xc3	; 195
      000033 81                      96 	.db #0x81	; 129
      000034 DB                      97 	.db #0xdb	; 219
      000035 81                      98 	.db #0x81	; 129
      000036 F3                      99 	.db #0xf3	; 243
      000037 81                     100 	.db #0x81	; 129
      000038 E7                     101 	.db #0xe7	; 231
      000039 81                     102 	.db #0x81	; 129
      00003A FF                     103 	.db #0xff	; 255
      00003B 81                     104 	.db #0x81	; 129
      00003C E7                     105 	.db #0xe7	; 231
      00003D 81                     106 	.db #0x81	; 129
      00003E 7E                     107 	.db #0x7e	; 126
      00003F 7E                     108 	.db #0x7e	; 126
      000040 C3                     109 	.db #0xc3	; 195
      000041 DB                     110 	.db #0xdb	; 219
      000042 81                     111 	.db #0x81	; 129
      000043 81                     112 	.db #0x81	; 129
      000044 00                     113 	.db #0x00	; 0
      000045 00                     114 	.db #0x00	; 0
      000046 00                     115 	.db #0x00	; 0
      000047 99                     116 	.db #0x99	; 153
      000048 00                     117 	.db #0x00	; 0
      000049 99                     118 	.db #0x99	; 153
      00004A 00                     119 	.db #0x00	; 0
      00004B 00                     120 	.db #0x00	; 0
      00004C 81                     121 	.db #0x81	; 129
      00004D 81                     122 	.db #0x81	; 129
      00004E C3                     123 	.db #0xc3	; 195
      00004F DB                     124 	.db #0xdb	; 219
      000050 E7                     125 	.db #0xe7	; 231
      000051 07                     126 	.db #0x07	; 7
      000052 E7                     127 	.db #0xe7	; 231
      000053 07                     128 	.db #0x07	; 7
      000054 E7                     129 	.db #0xe7	; 231
      000055 07                     130 	.db #0x07	; 7
      000056 18                     131 	.db #0x18	; 24
      000057 18                     132 	.db #0x18	; 24
      000058 18                     133 	.db #0x18	; 24
      000059 18                     134 	.db #0x18	; 24
      00005A E7                     135 	.db #0xe7	; 231
      00005B E0                     136 	.db #0xe0	; 224
      00005C E7                     137 	.db #0xe7	; 231
      00005D E0                     138 	.db #0xe0	; 224
      00005E E7                     139 	.db #0xe7	; 231
      00005F E0                     140 	.db #0xe0	; 224
      000060 A7                     141 	.db #0xa7	; 167
      000061 C7                     142 	.db #0xc7	; 199
      000062 A0                     143 	.db #0xa0	; 160
      000063 C7                     144 	.db #0xc7	; 199
      000064 A7                     145 	.db #0xa7	; 167
      000065 C0                     146 	.db #0xc0	; 192
      000066 00                     147 	.db #0x00	; 0
      000067 00                     148 	.db #0x00	; 0
      000068 00                     149 	.db #0x00	; 0
      000069 00                     150 	.db #0x00	; 0
      00006A E5                     151 	.db #0xe5	; 229
      00006B 03                     152 	.db #0x03	; 3
      00006C 05                     153 	.db #0x05	; 5
      00006D E3                     154 	.db #0xe3	; 227
      00006E E5                     155 	.db #0xe5	; 229
      00006F E3                     156 	.db #0xe3	; 227
      000070 FF                     157 	.db #0xff	; 255
      000071 00                     158 	.db #0x00	; 0
      000072 FF                     159 	.db #0xff	; 255
      000073 00                     160 	.db #0x00	; 0
      000074 FF                     161 	.db #0xff	; 255
      000075 66                     162 	.db #0x66	; 102	'f'
      000076 FF                     163 	.db #0xff	; 255
      000077 66                     164 	.db #0x66	; 102	'f'
      000078 FF                     165 	.db #0xff	; 255
      000079 18                     166 	.db #0x18	; 24
      00007A FF                     167 	.db #0xff	; 255
      00007B 3C                     168 	.db #0x3c	; 60
      00007C FF                     169 	.db #0xff	; 255
      00007D 3C                     170 	.db #0x3c	; 60
      00007E FF                     171 	.db #0xff	; 255
      00007F 24                     172 	.db #0x24	; 36
      000080 00                     173 	.db #0x00	; 0
      000081 FF                     174 	.db #0xff	; 255
      000082 00                     175 	.db #0x00	; 0
      000083 FF                     176 	.db #0xff	; 255
      000084 00                     177 	.db #0x00	; 0
      000085 FF                     178 	.db #0xff	; 255
      000086 00                     179 	.db #0x00	; 0
      000087 FF                     180 	.db #0xff	; 255
      000088 00                     181 	.db #0x00	; 0
      000089 99                     182 	.db #0x99	; 153
      00008A 18                     183 	.db #0x18	; 24
      00008B E7                     184 	.db #0xe7	; 231
      00008C 00                     185 	.db #0x00	; 0
      00008D 81                     186 	.db #0x81	; 129
      00008E 00                     187 	.db #0x00	; 0
      00008F FF                     188 	.db #0xff	; 255
      000090 FF                     189 	.db #0xff	; 255
      000091 FF                     190 	.db #0xff	; 255
      000092 FF                     191 	.db #0xff	; 255
      000093 FF                     192 	.db #0xff	; 255
      000094 FF                     193 	.db #0xff	; 255
      000095 FF                     194 	.db #0xff	; 255
      000096 FF                     195 	.db #0xff	; 255
      000097 FF                     196 	.db #0xff	; 255
      000098 FF                     197 	.db #0xff	; 255
      000099 FF                     198 	.db #0xff	; 255
      00009A BD                     199 	.db #0xbd	; 189
      00009B 18                     200 	.db #0x18	; 24
      00009C FF                     201 	.db #0xff	; 255
      00009D FF                     202 	.db #0xff	; 255
      00009E FF                     203 	.db #0xff	; 255
      00009F FF                     204 	.db #0xff	; 255
      0000A0 FF                     205 	.db #0xff	; 255
      0000A1 FF                     206 	.db #0xff	; 255
      0000A2 FF                     207 	.db #0xff	; 255
      0000A3 91                     208 	.db #0x91	; 145
      0000A4 FF                     209 	.db #0xff	; 255
      0000A5 FF                     210 	.db #0xff	; 255
      0000A6 FF                     211 	.db #0xff	; 255
      0000A7 A5                     212 	.db #0xa5	; 165
      0000A8 FF                     213 	.db #0xff	; 255
      0000A9 A5                     214 	.db #0xa5	; 165
      0000AA FF                     215 	.db #0xff	; 255
      0000AB FF                     216 	.db #0xff	; 255
      0000AC FF                     217 	.db #0xff	; 255
      0000AD 89                     218 	.db #0x89	; 137
      0000AE FF                     219 	.db #0xff	; 255
      0000AF FF                     220 	.db #0xff	; 255
      0000B0 7E                     221 	.db #0x7e	; 126
      0000B1 7E                     222 	.db #0x7e	; 126
      0000B2 FF                     223 	.db #0xff	; 255
      0000B3 81                     224 	.db #0x81	; 129
      0000B4 FF                     225 	.db #0xff	; 255
      0000B5 A5                     226 	.db #0xa5	; 165
      0000B6 FF                     227 	.db #0xff	; 255
      0000B7 81                     228 	.db #0x81	; 129
      0000B8 FF                     229 	.db #0xff	; 255
      0000B9 81                     230 	.db #0x81	; 129
      0000BA FF                     231 	.db #0xff	; 255
      0000BB A5                     232 	.db #0xa5	; 165
      0000BC FF                     233 	.db #0xff	; 255
      0000BD 81                     234 	.db #0x81	; 129
      0000BE 7E                     235 	.db #0x7e	; 126
      0000BF 7E                     236 	.db #0x7e	; 126
      0000C0 FF                     237 	.db #0xff	; 255
      0000C1 81                     238 	.db #0x81	; 129
      0000C2 FE                     239 	.db #0xfe	; 254
      0000C3 43                     240 	.db #0x43	; 67	'C'
      0000C4 FC                     241 	.db #0xfc	; 252
      0000C5 27                     242 	.db #0x27	; 39
      0000C6 F8                     243 	.db #0xf8	; 248
      0000C7 1F                     244 	.db #0x1f	; 31
      0000C8 F8                     245 	.db #0xf8	; 248
      0000C9 1F                     246 	.db #0x1f	; 31
      0000CA E4                     247 	.db #0xe4	; 228
      0000CB 3F                     248 	.db #0x3f	; 63
      0000CC C2                     249 	.db #0xc2	; 194
      0000CD 7F                     250 	.db #0x7f	; 127
      0000CE 81                     251 	.db #0x81	; 129
      0000CF FF                     252 	.db #0xff	; 255
      0000D0 04                     253 	.db #0x04	; 4
      0000D1 64                     254 	.db #0x64	; 100	'd'
      0000D2 06                     255 	.db #0x06	; 6
      0000D3 A6                     256 	.db #0xa6	; 166
      0000D4 0F                     257 	.db #0x0f	; 15
      0000D5 2F                     258 	.db #0x2f	; 47
      0000D6 06                     259 	.db #0x06	; 6
      0000D7 20                     260 	.db #0x20	; 32
      0000D8 06                     261 	.db #0x06	; 6
      0000D9 20                     262 	.db #0x20	; 32
      0000DA 3E                     263 	.db #0x3e	; 62
      0000DB 1E                     264 	.db #0x1e	; 30
      0000DC 06                     265 	.db #0x06	; 6
      0000DD 16                     266 	.db #0x16	; 22
      0000DE 06                     267 	.db #0x06	; 6
      0000DF 16                     268 	.db #0x16	; 22
      0000E0 3C                     269 	.db #0x3c	; 60
      0000E1 3C                     270 	.db #0x3c	; 60
      0000E2 7E                     271 	.db #0x7e	; 126
      0000E3 7E                     272 	.db #0x7e	; 126
      0000E4 DB                     273 	.db #0xdb	; 219
      0000E5 DB                     274 	.db #0xdb	; 219
      0000E6 DB                     275 	.db #0xdb	; 219
      0000E7 DB                     276 	.db #0xdb	; 219
      0000E8 FF                     277 	.db #0xff	; 255
      0000E9 FF                     278 	.db #0xff	; 255
      0000EA 00                     279 	.db #0x00	; 0
      0000EB 3C                     280 	.db #0x3c	; 60
      0000EC 42                     281 	.db #0x42	; 66	'B'
      0000ED 7E                     282 	.db #0x7e	; 126
      0000EE 66                     283 	.db #0x66	; 102	'f'
      0000EF 66                     284 	.db #0x66	; 102	'f'
      0000F0 7E                     285 	.db #0x7e	; 126
      0000F1 7E                     286 	.db #0x7e	; 126
      0000F2 7E                     287 	.db #0x7e	; 126
      0000F3 7E                     288 	.db #0x7e	; 126
      0000F4 60                     289 	.db #0x60	; 96
      0000F5 60                     290 	.db #0x60	; 96
      0000F6 7E                     291 	.db #0x7e	; 126
      0000F7 7E                     292 	.db #0x7e	; 126
      0000F8 7E                     293 	.db #0x7e	; 126
      0000F9 7E                     294 	.db #0x7e	; 126
      0000FA 60                     295 	.db #0x60	; 96
      0000FB 60                     296 	.db #0x60	; 96
      0000FC 7E                     297 	.db #0x7e	; 126
      0000FD 7E                     298 	.db #0x7e	; 126
      0000FE 7E                     299 	.db #0x7e	; 126
      0000FF 7E                     300 	.db #0x7e	; 126
      000100 00                     301 	.db #0x00	; 0
      000101 00                     302 	.db #0x00	; 0
      000102 00                     303 	.db #0x00	; 0
      000103 00                     304 	.db #0x00	; 0
      000104 00                     305 	.db #0x00	; 0
      000105 00                     306 	.db #0x00	; 0
      000106 00                     307 	.db #0x00	; 0
      000107 00                     308 	.db #0x00	; 0
      000108 00                     309 	.db #0x00	; 0
      000109 00                     310 	.db #0x00	; 0
      00010A 00                     311 	.db #0x00	; 0
      00010B 00                     312 	.db #0x00	; 0
      00010C 00                     313 	.db #0x00	; 0
      00010D 00                     314 	.db #0x00	; 0
      00010E 00                     315 	.db #0x00	; 0
      00010F 00                     316 	.db #0x00	; 0
                                    317 	.area _INITIALIZER
                                    318 	.area _CABS (ABS)
