                                      1 ;--------------------------------------------------------
                                      2 ; File Created by SDCC : free open source ANSI-C Compiler
                                      3 ; Version 4.1.6 #12539 (Linux)
                                      4 ;--------------------------------------------------------
                                      5 	.module small_spike_parallax
                                      6 	.optsdcc -mgbz80
                                      7 	
                                      8 ;--------------------------------------------------------
                                      9 ; Public variables in this module
                                     10 ;--------------------------------------------------------
                                     11 	.globl _small_spike_parallax
                                     12 	.globl ___bank_small_spike_parallax
                                     13 ;--------------------------------------------------------
                                     14 ; special function registers
                                     15 ;--------------------------------------------------------
                                     16 ;--------------------------------------------------------
                                     17 ; ram data
                                     18 ;--------------------------------------------------------
                                     19 	.area _DATA
                                     20 ;--------------------------------------------------------
                                     21 ; ram data
                                     22 ;--------------------------------------------------------
                                     23 	.area _INITIALIZED
                                     24 ;--------------------------------------------------------
                                     25 ; absolute external ram data
                                     26 ;--------------------------------------------------------
                                     27 	.area _DABS (ABS)
                                     28 ;--------------------------------------------------------
                                     29 ; global & static initialisations
                                     30 ;--------------------------------------------------------
                                     31 	.area _HOME
                                     32 	.area _GSINIT
                                     33 	.area _GSFINAL
                                     34 	.area _GSINIT
                                     35 ;--------------------------------------------------------
                                     36 ; Home
                                     37 ;--------------------------------------------------------
                                     38 	.area _HOME
                                     39 	.area _HOME
                                     40 ;--------------------------------------------------------
                                     41 ; code
                                     42 ;--------------------------------------------------------
                                     43 	.area _CODE_2
                                     44 	.area _CODE_2
                           000002    45 ___bank_small_spike_parallax	=	0x0002
      000000                         46 _small_spike_parallax:
      000000 81                      47 	.db #0x81	; 129
      000001 00                      48 	.db #0x00	; 0
      000002 81                      49 	.db #0x81	; 129
      000003 00                      50 	.db #0x00	; 0
      000004 81                      51 	.db #0x81	; 129
      000005 00                      52 	.db #0x00	; 0
      000006 81                      53 	.db #0x81	; 129
      000007 00                      54 	.db #0x00	; 0
      000008 99                      55 	.db #0x99	; 153
      000009 18                      56 	.db #0x18	; 24
      00000A BD                      57 	.db #0xbd	; 189
      00000B 3C                      58 	.db #0x3c	; 60
      00000C FF                      59 	.db #0xff	; 255
      00000D 7E                      60 	.db #0x7e	; 126
      00000E FF                      61 	.db #0xff	; 255
      00000F FF                      62 	.db #0xff	; 255
      000010 C0                      63 	.db #0xc0	; 192
      000011 00                      64 	.db #0x00	; 0
      000012 C0                      65 	.db #0xc0	; 192
      000013 00                      66 	.db #0x00	; 0
      000014 C0                      67 	.db #0xc0	; 192
      000015 00                      68 	.db #0x00	; 0
      000016 C0                      69 	.db #0xc0	; 192
      000017 00                      70 	.db #0x00	; 0
      000018 D8                      71 	.db #0xd8	; 216
      000019 18                      72 	.db #0x18	; 24
      00001A FC                      73 	.db #0xfc	; 252
      00001B 3C                      74 	.db #0x3c	; 60
      00001C FE                      75 	.db #0xfe	; 254
      00001D 7E                      76 	.db #0x7e	; 126
      00001E FF                      77 	.db #0xff	; 255
      00001F FF                      78 	.db #0xff	; 255
      000020 60                      79 	.db #0x60	; 96
      000021 00                      80 	.db #0x00	; 0
      000022 60                      81 	.db #0x60	; 96
      000023 00                      82 	.db #0x00	; 0
      000024 60                      83 	.db #0x60	; 96
      000025 00                      84 	.db #0x00	; 0
      000026 60                      85 	.db #0x60	; 96
      000027 00                      86 	.db #0x00	; 0
      000028 78                      87 	.db #0x78	; 120	'x'
      000029 18                      88 	.db #0x18	; 24
      00002A 7C                      89 	.db #0x7c	; 124
      00002B 3C                      90 	.db #0x3c	; 60
      00002C 7E                      91 	.db #0x7e	; 126
      00002D 7E                      92 	.db #0x7e	; 126
      00002E FF                      93 	.db #0xff	; 255
      00002F FF                      94 	.db #0xff	; 255
      000030 30                      95 	.db #0x30	; 48	'0'
      000031 00                      96 	.db #0x00	; 0
      000032 30                      97 	.db #0x30	; 48	'0'
      000033 00                      98 	.db #0x00	; 0
      000034 30                      99 	.db #0x30	; 48	'0'
      000035 00                     100 	.db #0x00	; 0
      000036 30                     101 	.db #0x30	; 48	'0'
      000037 00                     102 	.db #0x00	; 0
      000038 38                     103 	.db #0x38	; 56	'8'
      000039 18                     104 	.db #0x18	; 24
      00003A 3C                     105 	.db #0x3c	; 60
      00003B 3C                     106 	.db #0x3c	; 60
      00003C 7E                     107 	.db #0x7e	; 126
      00003D 7E                     108 	.db #0x7e	; 126
      00003E FF                     109 	.db #0xff	; 255
      00003F FF                     110 	.db #0xff	; 255
      000040 18                     111 	.db #0x18	; 24
      000041 00                     112 	.db #0x00	; 0
      000042 18                     113 	.db #0x18	; 24
      000043 00                     114 	.db #0x00	; 0
      000044 18                     115 	.db #0x18	; 24
      000045 00                     116 	.db #0x00	; 0
      000046 18                     117 	.db #0x18	; 24
      000047 00                     118 	.db #0x00	; 0
      000048 18                     119 	.db #0x18	; 24
      000049 18                     120 	.db #0x18	; 24
      00004A 3C                     121 	.db #0x3c	; 60
      00004B 3C                     122 	.db #0x3c	; 60
      00004C 7E                     123 	.db #0x7e	; 126
      00004D 7E                     124 	.db #0x7e	; 126
      00004E FF                     125 	.db #0xff	; 255
      00004F FF                     126 	.db #0xff	; 255
      000050 0C                     127 	.db #0x0c	; 12
      000051 00                     128 	.db #0x00	; 0
      000052 0C                     129 	.db #0x0c	; 12
      000053 00                     130 	.db #0x00	; 0
      000054 0C                     131 	.db #0x0c	; 12
      000055 00                     132 	.db #0x00	; 0
      000056 0C                     133 	.db #0x0c	; 12
      000057 00                     134 	.db #0x00	; 0
      000058 1C                     135 	.db #0x1c	; 28
      000059 18                     136 	.db #0x18	; 24
      00005A 3C                     137 	.db #0x3c	; 60
      00005B 3C                     138 	.db #0x3c	; 60
      00005C 7E                     139 	.db #0x7e	; 126
      00005D 7E                     140 	.db #0x7e	; 126
      00005E FF                     141 	.db #0xff	; 255
      00005F FF                     142 	.db #0xff	; 255
      000060 06                     143 	.db #0x06	; 6
      000061 00                     144 	.db #0x00	; 0
      000062 06                     145 	.db #0x06	; 6
      000063 00                     146 	.db #0x00	; 0
      000064 06                     147 	.db #0x06	; 6
      000065 00                     148 	.db #0x00	; 0
      000066 06                     149 	.db #0x06	; 6
      000067 00                     150 	.db #0x00	; 0
      000068 1E                     151 	.db #0x1e	; 30
      000069 18                     152 	.db #0x18	; 24
      00006A 3E                     153 	.db #0x3e	; 62
      00006B 3C                     154 	.db #0x3c	; 60
      00006C 7E                     155 	.db #0x7e	; 126
      00006D 7E                     156 	.db #0x7e	; 126
      00006E FF                     157 	.db #0xff	; 255
      00006F FF                     158 	.db #0xff	; 255
      000070 03                     159 	.db #0x03	; 3
      000071 00                     160 	.db #0x00	; 0
      000072 03                     161 	.db #0x03	; 3
      000073 00                     162 	.db #0x00	; 0
      000074 03                     163 	.db #0x03	; 3
      000075 00                     164 	.db #0x00	; 0
      000076 03                     165 	.db #0x03	; 3
      000077 00                     166 	.db #0x00	; 0
      000078 1B                     167 	.db #0x1b	; 27
      000079 18                     168 	.db #0x18	; 24
      00007A 3F                     169 	.db #0x3f	; 63
      00007B 3C                     170 	.db #0x3c	; 60
      00007C 7F                     171 	.db #0x7f	; 127
      00007D 7E                     172 	.db #0x7e	; 126
      00007E FF                     173 	.db #0xff	; 255
      00007F FF                     174 	.db #0xff	; 255
                                    175 	.area _INITIALIZER
                                    176 	.area _CABS (ABS)
